cell_program_fit
    B_immature    4 programs  (pve: 0.11, 0.04, 0.01, 0.01)
    B_naive      10 programs  (pve: 0.19, 0.05, 0.02, 0.02, 0.02, 0.01, 0.01, 0.02, 0.01, 0.01)
    B_switched_memory  6 programs  (pve: 0.09, 0.06, 0.01, 0.01, 0.01, 0)
    CD14_mono    10 programs  (pve: 0.09, 0.07, 0.06, 0.03, 0.05, 0.02, 0.02, 0.02, 0.03, 0.01)
    CD16_mono    10 programs  (pve: 0.19, 0.05, 0.02, 0.04, 0.02, 0.02, 0.02, 0.01, 0.01, 0.01)
    CD4.CM       10 programs  (pve: 0.26, 0.04, 0.04, 0.02, 0.02, 0.02, 0.02, 0.01, 0.01, 0.01)
    CD4.IL22     10 programs  (pve: 0.18, 0.06, 0.02, 0.01, 0.01, 0.01, 0.01, 0, 0, 0)
    CD4.Naive    10 programs  (pve: 0.19, 0.04, 0.02, 0.03, 0.02, 0.02, 0.01, 0.01, 0.01, 0)
    CD4.Tfh      10 programs  (pve: 0.17, 0.08, 0.01, 0.01, 0.02, 0.01, 0.01, 0, 0.01, 0)
    CD83_CD14_mono 10 programs  (pve: 0.21, 0.06, 0.02, 0.03, 0.03, 0.02, 0.01, 0.02, 0.01, 0.01)
    CD8.EM       10 programs  (pve: 0.14, 0.05, 0.02, 0.02, 0.01, 0.01, 0.01, 0.01, 0.01, 0)
    CD8.Naive    10 programs  (pve: 0.2, 0.06, 0.04, 0.02, 0.02, 0.02, 0.01, 0.01, 0.01, 0.01)
    CD8.TE       10 programs  (pve: 0.15, 0.06, 0.03, 0.02, 0.02, 0.01, 0.01, 0.01, 0.01, 0)
    gdT          10 programs  (pve: 0.15, 0.05, 0.02, 0.01, 0.02, 0.01, 0, 0.01, 0, 0.01)
    MAIT         10 programs  (pve: 0.12, 0.06, 0.01, 0.02, 0.02, 0.01, 0.01, 0, 0, 0)
    NK_16hi      10 programs  (pve: 0.21, 0.04, 0.03, 0.04, 0.03, 0.01, 0.02, 0.01, 0.02, 0.02)
    NK_56hi       7 programs  (pve: 0.1, 0.04, 0.01, 0.02, 0.01, 0.01, 0.01)
    NK_prolif     3 programs  (pve: 0.06, 0.02, 0.03)
    Platelets    10 programs  (pve: 0.51, 0.01, 0.01, 0.01, 0.01, 0, 0, 0, 0.01, 0.01)
saved results/fits/stephenson_repo_K10.rds (7.3 min)
