Warning messages:
1: In report.maxiter.reached(verbose.lvl) :
  Maximum number of iterations reached.
2: In report.maxiter.reached(verbose.lvl) :
  Maximum number of iterations reached.
3: In report.maxiter.reached(verbose.lvl) :
  Maximum number of iterations reached.
4: In report.maxiter.reached(verbose.lvl) :
  Maximum number of iterations reached.
5: In report.maxiter.reached(verbose.lvl) :
  Maximum number of iterations reached.
6: In report.maxiter.reached(verbose.lvl) :
  Maximum number of iterations reached.
7: In report.maxiter.reached(verbose.lvl) :
  Maximum number of iterations reached.
cell_program_fit
    B_immature   15 programs  (pve: 0.09, 0.06, 0.03, 0.03, 0.02, 0.02, 0.02, 0.02, 0.02, 0.02, 0.02, 0.01, 0.01, 0.01, 0.01)
    B_naive      30 programs  (pve: 0.18, 0.1, 0.03, 0.01, 0.02, 0.02, 0.01, 0.01, 0.01, 0.01, 0.01, 0.01, 0.01, 0.01, 0.01, 0.01, 0.01, 0.01, 0, 0.01, 0.01, 0, 0, 0, 0, 0.01, 0.01, 0, 0, 0.01)
    B_switched_memory 24 programs  (pve: 0.08, 0.05, 0.02, 0.02, 0.02, 0.02, 0.02, 0.01, 0.01, 0.01, 0.01, 0.01, 0.02, 0.01, 0.01, 0.01, 0.01, 0.01, 0.01, 0.01, 0.01, 0.01, 0.01, 0.01)
    CD14_mono    26 programs  (pve: 0.1, 0.08, 0.06, 0.04, 0.04, 0.02, 0.03, 0.02, 0.03, 0.05, 0.02, 0.02, 0.01, 0.01, 0.01, 0.01, 0.01, 0.01, 0.01, 0.01, 0.01, 0.01, 0.01, 0.01, 0.01, 0)
    CD16_mono    23 programs  (pve: 0.2, 0.06, 0.04, 0.03, 0.02, 0.02, 0.02, 0.02, 0.02, 0.02, 0.02, 0.02, 0.01, 0.01, 0.01, 0.01, 0.01, 0.01, 0.01, 0.01, 0.01, 0.01, 0.01)
    CD4.CM       30 programs  (pve: 0.23, 0.06, 0.03, 0.02, 0.02, 0.01, 0.02, 0.02, 0.02, 0.02, 0.02, 0.02, 0.01, 0.01, 0.01, 0.01, 0.01, 0.01, 0.02, 0.01, 0.01, 0.01, 0.01, 0.01, 0.01, 0.01, 0.01, 0.01, 0.01, 0.01)
    CD4.IL22     30 programs  (pve: 0.2, 0.03, 0.03, 0.02, 0.02, 0.02, 0.01, 0.02, 0.01, 0.01, 0.01, 0.01, 0.01, 0.01, 0.01, 0.01, 0.01, 0.01, 0.01, 0.01, 0.01, 0.01, 0.01, 0.01, 0.01, 0.01, 0.01, 0.01, 0.01, 0.01)
    CD4.Naive    30 programs  (pve: 0.2, 0.04, 0.02, 0.02, 0.01, 0.01, 0.02, 0.02, 0.02, 0.01, 0.03, 0.01, 0.01, 0.01, 0.01, 0.01, 0.01, 0.01, 0.01, 0.01, 0.01, 0.01, 0.01, 0.01, 0.01, 0.01, 0.01, 0.01, 0.01, 0.01)
    CD4.Tfh      21 programs  (pve: 0.16, 0.09, 0.03, 0.03, 0.03, 0.03, 0.03, 0.03, 0.02, 0.02, 0.02, 0.02, 0.01, 0.01, 0.01, 0.01, 0.01, 0.01, 0.01, 0.01, 0.01)
    CD83_CD14_mono 30 programs  (pve: 0.25, 0.06, 0.04, 0.02, 0.01, 0.04, 0.01, 0.02, 0.02, 0.01, 0.01, 0.01, 0.01, 0.01, 0.01, 0.01, 0.01, 0.01, 0.01, 0.01, 0.01, 0.01, 0, 0.01, 0.01, 0, 0, 0.01, 0, 0)
    CD8.EM       30 programs  (pve: 0.15, 0.04, 0.02, 0.01, 0.01, 0.01, 0.02, 0.01, 0.01, 0.01, 0.01, 0.01, 0.01, 0.01, 0.01, 0.01, 0.01, 0.01, 0.01, 0.01, 0.01, 0.01, 0.01, 0.01, 0.01, 0.01, 0.01, 0.01, 0, 0.01)
    CD8.Naive    30 programs  (pve: 0.21, 0.05, 0.03, 0.03, 0.02, 0.02, 0.01, 0.01, 0.01, 0.01, 0.01, 0.01, 0.01, 0.01, 0.01, 0.01, 0.01, 0.01, 0.01, 0.01, 0.01, 0.01, 0.01, 0.01, 0.01, 0.01, 0.01, 0.01, 0.01, 0.01)
    CD8.TE       30 programs  (pve: 0.16, 0.05, 0.02, 0.02, 0.02, 0.02, 0.02, 0.02, 0.02, 0.01, 0.01, 0.01, 0.01, 0.01, 0.01, 0.01, 0.01, 0.01, 0.01, 0.01, 0.01, 0.01, 0.01, 0.01, 0.01, 0.01, 0.01, 0.01, 0, 0.01)
    gdT          30 programs  (pve: 0.16, 0.04, 0.03, 0.01, 0.02, 0.02, 0.02, 0.02, 0.01, 0.01, 0.01, 0.01, 0.01, 0.01, 0.01, 0.01, 0.01, 0.01, 0.01, 0.01, 0.01, 0.01, 0.01, 0.01, 0.01, 0.01, 0.01, 0.01, 0.01, 0.01)
    MAIT         25 programs  (pve: 0.12, 0.04, 0.02, 0.02, 0.02, 0.01, 0.01, 0.01, 0.01, 0.01, 0.01, 0.01, 0.01, 0.01, 0.01, 0.01, 0.01, 0.01, 0.01, 0.01, 0.01, 0.01, 0.01, 0.01, 0.01)
    NK_16hi      30 programs  (pve: 0.21, 0.05, 0.03, 0.02, 0.03, 0.01, 0.02, 0.02, 0.03, 0.02, 0.01, 0.01, 0.01, 0.01, 0.01, 0.01, 0.01, 0.01, 0.01, 0.01, 0, 0.01, 0, 0, 0, 0, 0.01, 0.01, 0, 0.01)
    NK_56hi      25 programs  (pve: 0.1, 0.04, 0.02, 0.01, 0.01, 0.01, 0.01, 0.01, 0.01, 0.01, 0.01, 0.01, 0.01, 0.01, 0.01, 0.01, 0.01, 0.01, 0.01, 0.01, 0, 0.01, 0.01, 0.01, 0.01)
    NK_prolif    15 programs  (pve: 0.06, 0.05, 0.04, 0.04, 0.04, 0.03, 0.03, 0.03, 0.03, 0.03, 0.03, 0.02, 0.02, 0.02, 0.02)
    Platelets    30 programs  (pve: 0.44, 0.04, 0.02, 0.01, 0.01, 0.01, 0.01, 0.01, 0.01, 0.01, 0.01, 0.01, 0.01, 0.01, 0.01, 0.01, 0.01, 0.01, 0.01, 0.01, 0.01, 0.01, 0.01, 0.01, 0.01, 0.01, 0.01, 0.01, 0.01, 0.01)
saved results/fits/stephenson_biomni_K30.rds (55.2 min)
