cell_program_fit
    B_immature    4 programs  (pve: 0.1, 0.04, 0.02, 0.02)
    B_naive      10 programs  (pve: 0.21, 0.11, 0.02, 0.02, 0.03, 0.02, 0.01, 0.01, 0.01, 0.01)
    B_switched_memory 10 programs  (pve: 0.1, 0.04, 0.02, 0.01, 0.01, 0.01, 0, 0, 0, 0)
    CD14_mono    10 programs  (pve: 0.11, 0.09, 0.06, 0.03, 0.05, 0.03, 0.02, 0.02, 0.02, 0.02)
    CD16_mono    10 programs  (pve: 0.25, 0.06, 0.02, 0.03, 0.02, 0.02, 0.02, 0.02, 0.02, 0.01)
    CD4.CM       10 programs  (pve: 0.27, 0.05, 0.05, 0.02, 0.02, 0.02, 0.01, 0.01, 0.02, 0.01)
    CD4.IL22     10 programs  (pve: 0.24, 0.02, 0.03, 0.01, 0.01, 0.01, 0.01, 0, 0, 0)
    CD4.Naive    10 programs  (pve: 0.24, 0.03, 0.03, 0.02, 0.02, 0.02, 0.01, 0.02, 0.03, 0.01)
    CD4.Tfh      10 programs  (pve: 0.14, 0.11, 0.02, 0.02, 0.02, 0.02, 0.01, 0, 0, 0)
    CD83_CD14_mono 10 programs  (pve: 0.28, 0.08, 0.03, 0.03, 0.03, 0.03, 0.02, 0.02, 0.01, 0.01)
    CD8.EM       10 programs  (pve: 0.17, 0.03, 0.02, 0.03, 0.02, 0.01, 0.01, 0.01, 0, 0.01)
    CD8.Naive    10 programs  (pve: 0.26, 0.05, 0.03, 0.02, 0.02, 0.03, 0.01, 0.02, 0.01, 0.01)
    CD8.TE       10 programs  (pve: 0.18, 0.03, 0.02, 0.03, 0.03, 0.03, 0.01, 0.01, 0.01, 0.01)
    gdT           9 programs  (pve: 0.19, 0.03, 0.02, 0.03, 0.01, 0.02, 0.01, 0.01, 0.01)
    MAIT         10 programs  (pve: 0.15, 0.04, 0.02, 0.02, 0.02, 0.02, 0.01, 0.01, 0, 0)
    NK_16hi      10 programs  (pve: 0.25, 0.04, 0.03, 0.03, 0.03, 0.03, 0.02, 0.02, 0.01, 0.02)
    NK_56hi      10 programs  (pve: 0.12, 0.01, 0.02, 0.03, 0.02, 0.01, 0.02, 0.01, 0.01, 0)
    NK_prolif     5 programs  (pve: 0.03, 0.02, 0.03, 0.01, 0)
    Platelets    10 programs  (pve: 0.47, 0.02, 0.01, 0.01, 0.02, 0, 0.01, 0.01, 0.01, 0)
saved results/fits/stephenson_repo_K10.rds (7.9 min)
